// Jest Snapshot v1, https://goo.gl/fbAQLP

exports[`PegasysV3Pool gas tests fee is off #burn above current price burn entire position after some time passes 1`] = `93925`;

exports[`PegasysV3Pool gas tests fee is off #burn above current price burn when only position using ticks 1`] = `93925`;

exports[`PegasysV3Pool gas tests fee is off #burn above current price entire position burn but other positions are using the ticks 1`] = `92940`;

exports[`PegasysV3Pool gas tests fee is off #burn above current price partial position burn 1`] = `97740`;

exports[`PegasysV3Pool gas tests fee is off #burn around current price burn entire position after some time passes 1`] = `111196`;

exports[`PegasysV3Pool gas tests fee is off #burn around current price burn when only position using ticks 1`] = `106094`;

exports[`PegasysV3Pool gas tests fee is off #burn around current price entire position burn but other positions are using the ticks 1`] = `97751`;

exports[`PegasysV3Pool gas tests fee is off #burn around current price partial position burn 1`] = `102551`;

exports[`PegasysV3Pool gas tests fee is off #burn below current price burn entire position after some time passes 1`] = `103398`;

exports[`PegasysV3Pool gas tests fee is off #burn below current price burn when only position using ticks 1`] = `103398`;

exports[`PegasysV3Pool gas tests fee is off #burn below current price entire position burn but other positions are using the ticks 1`] = `93581`;

exports[`PegasysV3Pool gas tests fee is off #burn below current price partial position burn 1`] = `98381`;

exports[`PegasysV3Pool gas tests fee is off #collect close to worst case 1`] = `46016`;

exports[`PegasysV3Pool gas tests fee is off #increaseObservationCardinalityNext grow by 1 slot 1`] = `51098`;

exports[`PegasysV3Pool gas tests fee is off #increaseObservationCardinalityNext no op 1`] = `24677`;

exports[`PegasysV3Pool gas tests fee is off #mint above current price add to position after some time passes 1`] = `109340`;

exports[`PegasysV3Pool gas tests fee is off #mint above current price add to position existing 1`] = `109340`;

exports[`PegasysV3Pool gas tests fee is off #mint above current price new position mint first in range 1`] = `228014`;

exports[`PegasysV3Pool gas tests fee is off #mint above current price second position in same range 1`] = `126440`;

exports[`PegasysV3Pool gas tests fee is off #mint around current price add to position after some time passes 1`] = `147707`;

exports[`PegasysV3Pool gas tests fee is off #mint around current price add to position existing 1`] = `138528`;

exports[`PegasysV3Pool gas tests fee is off #mint around current price new position mint first in range 1`] = `328837`;

exports[`PegasysV3Pool gas tests fee is off #mint around current price second position in same range 1`] = `155628`;

exports[`PegasysV3Pool gas tests fee is off #mint below current price add to position after some time passes 1`] = `109932`;

exports[`PegasysV3Pool gas tests fee is off #mint below current price add to position existing 1`] = `109932`;

exports[`PegasysV3Pool gas tests fee is off #mint below current price new position mint first in range 1`] = `309718`;

exports[`PegasysV3Pool gas tests fee is off #mint below current price second position in same range 1`] = `127032`;

exports[`PegasysV3Pool gas tests fee is off #poke best case 1`] = `52006`;

exports[`PegasysV3Pool gas tests fee is off #snapshotCumulativesInside tick above 1`] = `29643`;

exports[`PegasysV3Pool gas tests fee is off #snapshotCumulativesInside tick below 1`] = `29605`;

exports[`PegasysV3Pool gas tests fee is off #snapshotCumulativesInside tick inside 1`] = `37053`;

exports[`PegasysV3Pool gas tests fee is off #swapExact0For1 first swap in block moves tick, no initialized crossings 1`] = `114827`;

exports[`PegasysV3Pool gas tests fee is off #swapExact0For1 first swap in block with no tick movement 1`] = `98973`;

exports[`PegasysV3Pool gas tests fee is off #swapExact0For1 first swap in block, large swap crossing a single initialized tick 1`] = `140040`;

exports[`PegasysV3Pool gas tests fee is off #swapExact0For1 first swap in block, large swap crossing several initialized ticks 1`] = `193475`;

exports[`PegasysV3Pool gas tests fee is off #swapExact0For1 first swap in block, large swap, no initialized crossings 1`] = `129438`;

exports[`PegasysV3Pool gas tests fee is off #swapExact0For1 large swap crossing several initialized ticks after some time passes 1`] = `193475`;

exports[`PegasysV3Pool gas tests fee is off #swapExact0For1 large swap crossing several initialized ticks second time after some time passes 1`] = `212675`;

exports[`PegasysV3Pool gas tests fee is off #swapExact0For1 second swap in block moves tick, no initialized crossings 1`] = `114827`;

exports[`PegasysV3Pool gas tests fee is off #swapExact0For1 second swap in block with no tick movement 1`] = `99084`;

exports[`PegasysV3Pool gas tests fee is off #swapExact0For1 second swap in block, large swap crossing a single initialized tick 1`] = `126623`;

exports[`PegasysV3Pool gas tests fee is off #swapExact0For1 second swap in block, large swap crossing several initialized ticks 1`] = `180036`;

exports[`PegasysV3Pool gas tests fee is on #burn above current price burn entire position after some time passes 1`] = `93925`;

exports[`PegasysV3Pool gas tests fee is on #burn above current price burn when only position using ticks 1`] = `93925`;

exports[`PegasysV3Pool gas tests fee is on #burn above current price entire position burn but other positions are using the ticks 1`] = `92940`;

exports[`PegasysV3Pool gas tests fee is on #burn above current price partial position burn 1`] = `97740`;

exports[`PegasysV3Pool gas tests fee is on #burn around current price burn entire position after some time passes 1`] = `111196`;

exports[`PegasysV3Pool gas tests fee is on #burn around current price burn when only position using ticks 1`] = `106094`;

exports[`PegasysV3Pool gas tests fee is on #burn around current price entire position burn but other positions are using the ticks 1`] = `97751`;

exports[`PegasysV3Pool gas tests fee is on #burn around current price partial position burn 1`] = `102551`;

exports[`PegasysV3Pool gas tests fee is on #burn below current price burn entire position after some time passes 1`] = `103398`;

exports[`PegasysV3Pool gas tests fee is on #burn below current price burn when only position using ticks 1`] = `103398`;

exports[`PegasysV3Pool gas tests fee is on #burn below current price entire position burn but other positions are using the ticks 1`] = `93581`;

exports[`PegasysV3Pool gas tests fee is on #burn below current price partial position burn 1`] = `98381`;

exports[`PegasysV3Pool gas tests fee is on #collect close to worst case 1`] = `46016`;

exports[`PegasysV3Pool gas tests fee is on #increaseObservationCardinalityNext grow by 1 slot 1`] = `51098`;

exports[`PegasysV3Pool gas tests fee is on #increaseObservationCardinalityNext no op 1`] = `24677`;

exports[`PegasysV3Pool gas tests fee is on #mint above current price add to position after some time passes 1`] = `109340`;

exports[`PegasysV3Pool gas tests fee is on #mint above current price add to position existing 1`] = `109340`;

exports[`PegasysV3Pool gas tests fee is on #mint above current price new position mint first in range 1`] = `228014`;

exports[`PegasysV3Pool gas tests fee is on #mint above current price second position in same range 1`] = `126440`;

exports[`PegasysV3Pool gas tests fee is on #mint around current price add to position after some time passes 1`] = `147707`;

exports[`PegasysV3Pool gas tests fee is on #mint around current price add to position existing 1`] = `138528`;

exports[`PegasysV3Pool gas tests fee is on #mint around current price new position mint first in range 1`] = `328837`;

exports[`PegasysV3Pool gas tests fee is on #mint around current price second position in same range 1`] = `155628`;

exports[`PegasysV3Pool gas tests fee is on #mint below current price add to position after some time passes 1`] = `109932`;

exports[`PegasysV3Pool gas tests fee is on #mint below current price add to position existing 1`] = `109932`;

exports[`PegasysV3Pool gas tests fee is on #mint below current price new position mint first in range 1`] = `309718`;

exports[`PegasysV3Pool gas tests fee is on #mint below current price second position in same range 1`] = `127032`;

exports[`PegasysV3Pool gas tests fee is on #poke best case 1`] = `52006`;

exports[`PegasysV3Pool gas tests fee is on #snapshotCumulativesInside tick above 1`] = `29643`;

exports[`PegasysV3Pool gas tests fee is on #snapshotCumulativesInside tick below 1`] = `29605`;

exports[`PegasysV3Pool gas tests fee is on #snapshotCumulativesInside tick inside 1`] = `37053`;

exports[`PegasysV3Pool gas tests fee is on #swapExact0For1 first swap in block moves tick, no initialized crossings 1`] = `120214`;

exports[`PegasysV3Pool gas tests fee is on #swapExact0For1 first swap in block with no tick movement 1`] = `104213`;

exports[`PegasysV3Pool gas tests fee is on #swapExact0For1 first swap in block, large swap crossing a single initialized tick 1`] = `145574`;

exports[`PegasysV3Pool gas tests fee is on #swapExact0For1 first swap in block, large swap crossing several initialized ticks 1`] = `199450`;

exports[`PegasysV3Pool gas tests fee is on #swapExact0For1 first swap in block, large swap, no initialized crossings 1`] = `135119`;

exports[`PegasysV3Pool gas tests fee is on #swapExact0For1 large swap crossing several initialized ticks after some time passes 1`] = `199450`;

exports[`PegasysV3Pool gas tests fee is on #swapExact0For1 large swap crossing several initialized ticks second time after some time passes 1`] = `218650`;

exports[`PegasysV3Pool gas tests fee is on #swapExact0For1 second swap in block moves tick, no initialized crossings 1`] = `120214`;

exports[`PegasysV3Pool gas tests fee is on #swapExact0For1 second swap in block with no tick movement 1`] = `104324`;

exports[`PegasysV3Pool gas tests fee is on #swapExact0For1 second swap in block, large swap crossing a single initialized tick 1`] = `132010`;

exports[`PegasysV3Pool gas tests fee is on #swapExact0For1 second swap in block, large swap crossing several initialized ticks 1`] = `185864`;
