// Jest Snapshot v1, https://goo.gl/fbAQLP

exports[`PegasysV2Factory #createPool gas 1`] = `4557092`;

exports[`PegasysV2Factory factory bytecode size 1`] = `24535`;

exports[`PegasysV2Factory pool bytecode size 1`] = `22142`;
