// Jest Snapshot v1, https://goo.gl/fbAQLP

exports[`PegasysV3Factory #createPool gas 1`] = `4558514`;

exports[`PegasysV3Factory factory bytecode size 1`] = `24535`;

exports[`PegasysV3Factory pool bytecode size 1`] = `22142`;
